// Jest Snapshot v1, https://goo.gl/fbAQLP

exports[`AppRoot should render component 1`] = `
<div
  className="app-root"
/>
`;
