exports[`WorkItemRoute should render component 1`] = `
<RouteContainer>
  <article
    role="article" />
</RouteContainer>
`;
