// Jest Snapshot v1, https://goo.gl/fbAQLP

exports[`Text should render h1 element 1`] = `
<h1>
  foo
</h1>
`;

exports[`Text should render h2 element 1`] = `
<h2>
  foo
</h2>
`;

exports[`Text should render h3 element 1`] = `
<h3>
  foo
</h3>
`;

exports[`Text should render h4 element 1`] = `
<p>
  foo
</p>
`;

exports[`Text should render h5 element 1`] = `
<p>
  foo
</p>
`;

exports[`Text should render paragraph element 1`] = `
<p>
  foo
</p>
`;

exports[`Text should render small element 1`] = `
<small>
  foo
</small>
`;
