exports[`ListView should render component 1`] = `
<Row
  className="list-view list-view-type-grid"
  defaultColumn={false}
  elementType="div"
  size="default">
  <ListViewItem
    id={1} />
  <ListViewItem
    id={2} />
</Row>
`;
